// Jest Snapshot v1, https://goo.gl/fbAQLP

exports[`renders correctly accodring to snapshot 1`] = `null`;
